
============================================================
TEST 1: Get Started - Blank Slate
============================================================
BROWSER: [DOM] Password field is not contained in a form: (More info: https://goo.gl/9p2vKq) %o
BROWSER: Failed to load resource: the server responded with a status of 404 (NOT FOUND)
BROWSER: Loaded 0 predictions from database
BROWSER: Supabase client initialized
Predictions button disabled: False
Menu button shows: 'HOME' (should be HOME)
BROWSER: The resource http://127.0.0.1:5000/theme-toggle.js?v=13 was preloaded using link preload but not used within a few seconds from the window's load event. Please make sure it has an appropriate `as` value and it is preloaded intentionally.
BROWSER: sendBasic() called
BROWSER: Input: AAPL in 3 days
BROWSER: Fetching from: http://localhost:5000/predict
BROWSER: Fetch response status: 200
BROWSER: Fetch response data: {backtest: Object, drift_per_day: 2.1596, duration: 3 days, lastClose: 283.1, method: ema_drift}
BROWSER: Error in sendBasic: ReferenceError: renderSparkline is not defined
    at sendBasic (http://127.0.0.1:5000/script.js?v=31:1848:5)
Star buttons found: 0 (should be 0 for guest)
[OK] Get Started shows blank slate, predictions OFF, HOME button, no star

============================================================
TEST 2: Second Get Started - Should Clear Previous Query
============================================================
BROWSER: The resource http://127.0.0.1:5000/theme-toggle.js?v=13 was preloaded using link preload but not used within a few seconds from the window's load event. Please make sure it has an appropriate `as` value and it is preloaded intentionally.
BROWSER: [DOM] Password field is not contained in a form: (More info: https://goo.gl/9p2vKq) %o
BROWSER: Loaded 0 predictions from database
BROWSER: Supabase client initialized
Input field value: '' (should be empty)
Chat messages: 0 (should be 0)
[OK] Second Get Started shows blank slate

============================================================
TEST 3: Login as dazrini - Save Prediction
============================================================
BROWSER: [DOM] Password field is not contained in a form: (More info: https://goo.gl/9p2vKq) %o
BROWSER: Supabase client initialized
Logged in as dazrini@gmail.com
BROWSER: sendBasic() called
BROWSER: Input: TSLA in 5 days
BROWSER: Fetching from: http://localhost:5000/predict
BROWSER: Fetch response status: 200
BROWSER: Fetch response data: {backtest: Object, drift_per_day: 3.1149, duration: 5 days, lastClose: 430.14, method: ema_drift}
BROWSER: Error in sendBasic: ReferenceError: renderSparkline is not defined
    at sendBasic (http://127.0.0.1:5000/script.js?v=31:1848:5)
BROWSER: Loaded 3 predictions from database
Query in input: 'TSLA in 5 days'
BROWSER: Error fetching predictions: TypeError: Failed to fetch
    at getSavedPredictions (http://127.0.0.1:5000/script.js?v=31:168:12)
    at updatePredictionsButton (http://127.0.0.1:5000/theme-toggle.js?v=14:293:20)
BROWSER: Error fetching predictions: TypeError: Failed to fetch
    at getSavedPredictions (http://127.0.0.1:5000/script.js?v=31:168:12)
    at updatePredictionsButton (http://127.0.0.1:5000/theme-toggle.js?v=14:293:20)
BROWSER: Error fetching predictions: TypeError: Failed to fetch
    at getSavedPredictions (http://127.0.0.1:5000/script.js?v=31:168:12)
    at updatePredictionsButton (http://127.0.0.1:5000/theme-toggle.js?v=14:293:20)
BROWSER: Loading theme: dark.css
BROWSER: Predictions page initialized
BROWSER: Saved predictions: Promise
BROWSER: Supabase client initialized
BROWSER: Loading predictions...
BROWSER: Raw localStorage: null
BROWSER: Parsed predictions: [Object, Object, Object]
BROWSER: Number of predictions: 3
BROWSER: Rendering prediction 0: {id: 62, stock: AAPL, duration: 1 months, lastClose: 283.1, predictedPrice: 328.45}
BROWSER: Rendering prediction 1: {id: 60, stock: AAPL, duration: 5 days, lastClose: 278.85, predictedPrice: 285.47}
BROWSER: Rendering prediction 2: {id: 59, stock: TSLA, duration: 3 days, lastClose: 430.17, predictedPrice: 443.29}
Predictions count: 3
First prediction: 
        
          
            AAPL
            ...
[OK] dazrini can save and view predictions

============================================================
TEST 4: Logout dazrini - Should Clear Session
============================================================
BROWSER: Supabase client initialized
BROWSER: Loaded 3 predictions from database
BROWSER: [LOGOUT] Logging out...
BROWSER: [LOGOUT] localStorage cleared
BROWSER: [LOGOUT] Supabase signOut called
BROWSER: [LOGOUT] Cleared all intervals/timeouts
BROWSER: [LOGOUT] About to navigate to intro.html
BROWSER: Error fetching predictions: TypeError: Failed to fetch
    at getSavedPredictions (http://127.0.0.1:5000/script.js?v=31:168:12)
    at updatePredictionsButton (http://127.0.0.1:5000/theme-toggle.js?v=14:293:20)
BROWSER: Error fetching predictions: TypeError: Failed to fetch
    at getSavedPredictions (http://127.0.0.1:5000/script.js?v=31:168:12)
    at updatePredictionsButton (http://127.0.0.1:5000/theme-toggle.js?v=14:293:20)
BROWSER: [DOM] Password field is not contained in a form: (More info: https://goo.gl/9p2vKq) %o
[OK] Navigated to intro.html
URL after logout: http://127.0.0.1:5000/intro.html
[OK] Logout redirected to intro.html

============================================================
TEST 5: Login as test2 - Session Isolation
============================================================
BROWSER: Supabase client initialized
Logged in as test2@gmail.com
Input field: '' (should be empty)
Chat messages: 0 (should be 0)
BROWSER: sendBasic() called
BROWSER: Input: NVDA in 7 days
BROWSER: Fetching from: http://localhost:5000/predict
BROWSER: Loaded 1 predictions from database
BROWSER: Fetch response status: 200
BROWSER: Fetch response data: {backtest: Object, drift_per_day: -0.0427, duration: 7 days, lastClose: 179.92, method: ema_drift}
BROWSER: Error in sendBasic: ReferenceError: renderSparkline is not defined
    at sendBasic (http://127.0.0.1:5000/script.js?v=31:1848:5)
BROWSER: Error fetching predictions: TypeError: Failed to fetch
    at getSavedPredictions (http://127.0.0.1:5000/script.js?v=31:168:12)
    at updatePredictionsButton (http://127.0.0.1:5000/theme-toggle.js?v=14:293:20)
BROWSER: Error fetching predictions: TypeError: Failed to fetch
    at getSavedPredictions (http://127.0.0.1:5000/script.js?v=31:168:12)
    at updatePredictionsButton (http://127.0.0.1:5000/theme-toggle.js?v=14:293:20)
BROWSER: Error fetching predictions: TypeError: Failed to fetch
    at getSavedPredictions (http://127.0.0.1:5000/script.js?v=31:168:12)
    at updatePredictionsButton (http://127.0.0.1:5000/theme-toggle.js?v=14:293:20)
BROWSER: Loading theme: dark.css
BROWSER: Predictions page initialized
BROWSER: Saved predictions: Promise
BROWSER: Supabase client initialized
BROWSER: Loading predictions...
BROWSER: Raw localStorage: null
BROWSER: Parsed predictions: [Object]
BROWSER: Number of predictions: 1
BROWSER: Rendering prediction 0: {id: 61, stock: MSFT, duration: 7 days, lastClose: 492.01, predictedPrice: 511.01}
Predictions page contains TSLA: False (should be False)
Predictions page contains NVDA: False (should be True)
[OK] Session isolation working - test2 only sees own predictions

============================================================
TEST 6: Test Clear All Button on Predictions Page
============================================================
Clear All button visible: True
Clear All modal visible: False
Confirm Yes button visible: False
[ERROR] Confirm Yes button not visible!

============================================================
TEST 7: Test Clear Messages Modal (NEW button)
============================================================
BROWSER: Supabase client initialized
BROWSER: Loaded 1 predictions from database
BROWSER: sendBasic() called
BROWSER: Input: Test query
BROWSER: Fetching from: http://localhost:5000/predict
BROWSER: Failed to load resource: the server responded with a status of 400 (BAD REQUEST)
BROWSER: Fetch response status: 400
BROWSER: Fetch response data: {error: Could not detect a valid ticker/company from input., suggestions: Array(3)}
Clear messages modal visible: True
Modal visible after clicking Yes: False (should be False)
[OK] Modal closed after clearing messages

============================================================
TEST 8: Check Modal Styling
============================================================
Yes button background: rgba(0, 0, 0, 0) linear-gradient(135deg, rgb(255, 94, 168) 0%, rgb(72, 182, 255) 100%) repeat scroll
Yes button color: rgb(255, 255, 255)
No button background: rgba(0, 0, 0, 0.3) none repeat scroll 0% 0% / auto padding-box border-box
No button color: rgb(255, 255, 255)
No button border: 0.8px solid rgba(255, 255, 255, 0.3)
[OK] Cancel button has contrasting colors
BROWSER: Error fetching predictions: TypeError: Failed to fetch
    at getSavedPredictions (http://127.0.0.1:5000/script.js?v=31:168:12)
    at updatePredictionsButton (http://127.0.0.1:5000/theme-toggle.js?v=14:293:20)
BROWSER: Error fetching predictions: TypeError: Failed to fetch
    at getSavedPredictions (http://127.0.0.1:5000/script.js?v=31:168:12)
    at updatePredictionsButton (http://127.0.0.1:5000/theme-toggle.js?v=14:293:20)
BROWSER: Supabase client initialized

============================================================
SUMMARY
============================================================
Tests completed. Check output above for [ERROR] markers.
BROWSER: Loaded 1 predictions from database
